[www.awwapp.com/index.html]
[backblue.gif]
[fade.gif]
[index.html]
[cdn.optimizely.com/js/3746010.js]
[www.awwapp.com/apple-touch-icon-57x57.png]
[www.awwapp.com/apple-touch-icon-72x72.png]
[www.awwapp.com/apple-touch-icon-114x114.png]
[www.awwapp.com/static/img/art/aww-logo-normal.png]
[www.awwapp.com/static/img/art/screenshot-crop.png]
[www.awwapp.com/draw.html]
[www.awwapp.com/teachers.html]
[ajax.googleapis.com/ajax/libs/jquery/1.6.2/jquery.min.js]
[www.awwapp.com/index.html]
[www.awwapp.com/static/img/art/whiteboard-bg.jpg]
[www.awwapp.com/static/css/style.css]
[awwapp.com_7000/nowjs/now.js]
[static.awwapp.com/plugin/1.0/aww.min.js]
[www.awwapp.com/draw.html]
[www.awwapp.com/blog/about/index.html]
[www.awwapp.com/teachers.html]
[www.awwapp.com/blog/embedding/index.html]
[static.awwapp.com/plugin/1.0/toolbar.png]
[static.awwapp.com/plugin/1.0/aww-logo.png]
[static.awwapp.com/plugin/1.0/transparent.png]
[static.awwapp.com/plugin/1.0/aww.css]
[api.cloudsponge.com/address_books.js]
[platform.twitter.com/widgets.js]
[launchrock-ignition.s3.amazonaws.com/ignition.1.1.js]
[launchrock-ignition.s3.amazonaws.com/images/icons.png]
[launchrock-ignition.s3.amazonaws.com/images/launchrock.png]
[launchrock-ignition.s3.amazonaws.com/images/launchrock2.png]
[launchrock-ignition.s3.amazonaws.com/images/launchrock3.png]
[launchrock-ignition.s3.amazonaws.com/ignition.1.0.css]
[api.cloudsponge.com/address_books.js]
